isUnionized  watcode  z3  foreign  hbmo) {

[true, false, true, false, false] => <[true, true, true, true, true],true>
[true, false, false, true, false] => <[true, true, true, true, true],true>
[true, false, false, false, false] => <[true, true, true, true, true],true>
[true, false, true, true, false] => <[true, true, true, true, true],true>
unionized && !watcode && !hbo

[false, true, false, false, true] => <[true, true, true, true, true],true>
[false, true, false, false, false] => <[true, true, true, true, true],true>
!unionized && watcocde && !z3 && !foreign


[false, false, true, false, true] => <[true, true, true, true, true],true>
[false, false, true, false, false] => <[true, true, true, true, true],true>
[false, true, true, false, true] => <[true, true, true, true, true],true>
[false, true, true, false, false] => <[true, true, true, true, true],true>
!isUnionized && z3 && !foreign

[true, true, true, true, true] => <[true, false, true, false, true],false>
[true, true, true, true, false] => <[true, true, true, false, true],false>
[true, true, true, false, true] => <[true, false, true, false, true],false>
[true, true, true, false, false] => <[true, true, true, false, true],false>
[true, true, false, true, true] => <[true, false, true, false, true],false>
[true, true, false, true, false] => <[true, true, true, false, true],false>
[true, true, false, false, true] => <[true, false, true, false, true],false>
[true, true, false, false, false] => <[true, true, true, false, true],false>
[true, false, true, true, true] => <[true, false, true, true, true],false>
[true, false, true, false, true] => <[true, false, true, true, true],false>
[true, false, false, true, true] => <[true, false, true, true, true],false>
[true, false, false, false, true] => <[true, false, true, true, true],false>
[false, true, true, true, true] => <[true, true, false, true, false],false>
[false, true, true, true, false] => <[true, true, false, true, false],false>
[false, true, false, true, true] => <[true, true, false, true, false],false>
[false, true, false, true, false] => <[true, true, false, true, false],false>
[false, false, true, true, true] => <[true, true, true, true, false],false>
[false, false, true, true, false] => <[true, true, true, true, false],false>
[false, false, false, true, true] => <[false, true, true, true, false],false>
[false, false, false, true, false] => <[false, true, true, true, false],false> 
[false, false, false, false, true] => <[false, true, true, true, true],false> 
[false, false, false, false, false] => <[false, true, true, true, true],false> 
